15:21:12 **** Incremental Build of configuration Debug for project f103rbFunctionPin ****
make -j16 all 
arm-none-eabi-gcc "../Core/Src/main.c" -mcpu=cortex-m3 -std=gnu11 -g3 -DUSE_HAL_DRIVER -DSTM32F103xB -DDEBUG -c -I../Core/Inc -I../Drivers/STM32F1xx_HAL_Driver/Inc -I../Drivers/STM32F1xx_HAL_Driver/Inc/Legacy -I../Drivers/CMSIS/Device/ST/STM32F1xx/Include -I../Drivers/CMSIS/Include -O0 -ffunction-sections -fdata-sections -Wall -fstack-usage -MMD -MP -MF"Core/Src/main.d" -MT"Core/Src/main.o" --specs=nano.specs -mfloat-abi=soft -mthumb -o "Core/Src/main.o"
arm-none-eabi-gcc -o "f103rbFunctionPin.elf" @"objects.list"   -mcpu=cortex-m3 -T"C:\Users\lvvnt\Documents\GitHub\LeventRepo\f103rbFunctionPin\STM32F103RBTX_FLASH.ld" --specs=nosys.specs -Wl,-Map="f103rbFunctionPin.map" -Wl,--gc-sections -static --specs=nano.specs -mfloat-abi=soft -mthumb -Wl,--start-group -lc -lm -Wl,--end-group
Finished building target: f103rbFunctionPin.elf
 
arm-none-eabi-objdump -h -S  f103rbFunctionPin.elf  > "f103rbFunctionPin.list"
arm-none-eabi-objcopy  -O binary  f103rbFunctionPin.elf  "f103rbFunctionPin.bin"
arm-none-eabi-size   f103rbFunctionPin.elf 
   text	   data	    bss	    dec	    hex	filename
   4616	     20	   1572	   6208	   1840	f103rbFunctionPin.elf
Finished building: default.size.stdout
 
Finished building: f103rbFunctionPin.bin
Finished building: f103rbFunctionPin.list
 
 

15:21:13 Build Finished. 0 errors, 0 warnings. (took 913ms)

