20:09:15 **** Incremental Build of configuration Debug for project f103rbFlashDemo ****
make -j16 all 
arm-none-eabi-gcc "../Core/Src/main.c" -mcpu=cortex-m3 -std=gnu11 -g3 -DDEBUG -DUSE_HAL_DRIVER -DSTM32F103xB -c -I../Core/Inc -I../Drivers/STM32F1xx_HAL_Driver/Inc -I../Drivers/STM32F1xx_HAL_Driver/Inc/Legacy -I../Drivers/CMSIS/Device/ST/STM32F1xx/Include -I../Drivers/CMSIS/Include -O0 -ffunction-sections -fdata-sections -Wall -fstack-usage -MMD -MP -MF"Core/Src/main.d" -MT"Core/Src/main.o" --specs=nano.specs -mfloat-abi=soft -mthumb -o "Core/Src/main.o"
arm-none-eabi-gcc -o "f103rbFlashDemo.elf" @"objects.list"   -mcpu=cortex-m3 -T"C:\Users\lvvnt\Documents\GitHub\LeventRepo\f103rbFlashDemo\STM32F103RBTX_FLASH.ld" --specs=nosys.specs -Wl,-Map="f103rbFlashDemo.map" -Wl,--gc-sections -static --specs=nano.specs -mfloat-abi=soft -mthumb -Wl,--start-group -lc -lm -Wl,--end-group
Finished building target: f103rbFlashDemo.elf
 
arm-none-eabi-objdump -h -S  f103rbFlashDemo.elf  > "f103rbFlashDemo.list"
arm-none-eabi-objcopy  -O binary  f103rbFlashDemo.elf  "f103rbFlashDemo.bin"
arm-none-eabi-size   f103rbFlashDemo.elf 
   text	   data	    bss	    dec	    hex	filename
   4320	     20	   1600	   5940	   1734	f103rbFlashDemo.elf
Finished building: default.size.stdout
Finished building: f103rbFlashDemo.list
Finished building: f103rbFlashDemo.bin
 
 
 

20:09:16 Build Finished. 0 errors, 0 warnings. (took 689ms)

